Microchip MPLAB XC8 Compiler V1.40 ()

Linker command line:

-W-3 --edf=C:\Program Files (x86)\Microchip\xc8\v1.40\dat\en_msgs.txt -cs \
  -h+dist/default/production\Pingpongtoren.X.production.sym \
  --cmf=dist/default/production\Pingpongtoren.X.production.cmf -z \
  -Q16F18345 -oC:\Users\STUDEN~1\AppData\Local\Temp\s41s.2 \
  -Mdist/default/production/Pingpongtoren.X.production.map -E1 -ver=XC8 \
  -ASTACK=02093h-023efh -pstack=STACK -ACODE=00h-07FFhx4 \
  -ASTRCODE=00h-01FFFh -ASTRING=00h-0FFhx32 -ACONST=00h-0FFhx32 \
  -AENTRY=00h-0FFhx32 -ACOMMON=070h-07Fh -ABANK0=020h-06Fh \
  -ABANK1=0A0h-0EFh -ABANK2=0120h-016Fh -ABANK3=01A0h-01EFh \
  -ABANK4=0220h-026Fh -ABANK5=02A0h-02EFh -ABANK6=0320h-036Fh \
  -ABANK7=03A0h-03EFh -ABANK8=0420h-046Fh -ABANK9=04A0h-04EFh \
  -ABANK10=0520h-056Fh -ABANK11=05A0h-05EFh -ABANK12=0620h-064Fh \
  -ABIGRAM=02000h-023EFh \
  -ARAM=020h-06Fh,0A0h-0EFh,0120h-016Fh,01A0h-01EFh,0220h-026Fh,02A0h-02EFh,0320h-036Fh,03A0h-03EFh,0420h-046Fh,04A0h-04EFh,0520h-056Fh,05A0h-05EFh,0620h-064Fh \
  -AABS1=020h-07Fh,0A0h-0EFh,0120h-016Fh,01A0h-01EFh,0220h-026Fh,02A0h-02EFh,0320h-036Fh,03A0h-03EFh,0420h-046Fh,04A0h-04EFh,0520h-056Fh,05A0h-05EFh,0620h-064Fh \
  -ASFR0=00h-01Fh -ASFR1=080h-09Fh -ASFR2=0100h-011Fh -ASFR3=0180h-019Fh \
  -ASFR4=0200h-021Fh -ASFR5=0280h-029Fh -ASFR6=0300h-031Fh \
  -ASFR7=0380h-039Fh -ASFR8=0400h-041Fh -ASFR9=0480h-049Fh \
  -ASFR10=0500h-051Fh -ASFR11=0580h-059Fh -ASFR12=0600h-061Fh \
  -ASFR13=0680h-06EFh -ASFR14=0700h-076Fh -ASFR15=0780h-07EFh \
  -ASFR16=0800h-086Fh -ASFR17=0880h-08EFh -ASFR18=0900h-096Fh \
  -ASFR19=0980h-09EFh -ASFR20=0A00h-0A6Fh -ASFR21=0A80h-0AEFh \
  -ASFR22=0B00h-0B6Fh -ASFR23=0B80h-0BEFh -ASFR24=0C00h-0C6Fh \
  -ASFR25=0C80h-0CEFh -ASFR26=0D00h-0D6Fh -ASFR27=0D80h-0DEFh \
  -ASFR28=0E00h-0E6Fh -ASFR29=0E80h-0EEFh -ASFR30=0F00h-0F6Fh \
  -ASFR31=0F80h-0FEFh -preset_vec=00h,intentry=04h,init,end_init \
  -ppowerup=CODE -pcinit=CODE -pfunctab=CODE -ACONFIG=08007h-0800Ah \
  -pconfig=CONFIG -DCONFIG=2 -AIDLOC=08000h-08003h -pidloc=IDLOC -DIDLOC=2 \
  -AEEDATA=00h-0FFh/0F000h -peeprom_data=EEDATA -DEEDATA=2 -DCODE=2 \
  -DSTRCODE=2 -DSTRING=2 -DCONST=2 -DENTRY=2 -k \
  C:\Users\STUDEN~1\AppData\Local\Temp\s41s.obj \
  dist/default/production\Pingpongtoren.X.production.obj 

Object code version is 3.11

Machine type is 16F18345



                Name                               Link     Load   Length Selector   Space Scale
C:\Users\STUDEN~1\AppData\Local\Temp\s41s.obj
                end_init                             30       30        2        8       0
                reset_vec                             0        0        2        0       0
                config                             8007     8007        4    1000E       0
dist/default/production\Pingpongtoren.X.production.obj
                cinit                                32       32       30        8       0
                intentry                              4        4       2C        8       0
                text52                              BB0      BB0        B     1760       0
                text51                              C8C      C8C       1B     1918       0
                text50                              CA7      CA7       1C     194E       0
                text48                              C73      C73       19     18E6       0
                text47                              BDD      BDD        D     17BA       0
                text46                              B4F      B4F        3     169E       0
                text45                              B52      B52        3     16A4       0
                text44                              BA6      BA6        A     174C       0
                text43                              BEA      BEA        D     17D4       0
                text42                              CC3      CC3       1C     1986       0
                text41                              B6E      B6E        6     16DC       0
                text40                              B86      B86        8     170C       0
                text39                              B8E      B8E        8     171C       0
                text38                              B74      B74        6     16E8       0
                text37                              EA7      EA7       67     1D4E       0
                text36                              E2A      E2A       3D     1C54       0
                text35                              C22      C22       11     1844       0
                text34                              732      732       A9        8       0
                text33                              DEE      DEE       3C     1BDC       0
                text32                              67E      67E       B4        8       0
                text31                              B96      B96        8     172C       0
                text30                              D89      D89       30     1B12       0
                text29                              BF7      BF7        E     17EE       0
                text28                              C33      C33       12     1866       0
                text27                               62       62      262        8       0
                text26                              C05      C05        E     180A       0
                text25                              CFB      CFB       1E     19F6       0
                text24                              F0E      F0E       6B     1E1C       0
                text23                              DB9      DB9       35     1B72       0
                text22                              D5C      D5C       2D     1AB8       0
                text21                              D19      D19       21     1A32       0
                text20                              B5F      B5F        5     16BE       0
                text19                              5C6      5C6       B8        8       0
                text18                              C13      C13        F     1826       0
                text17                              4DC      4DC       EA        8       0
                text16                              B7A      B7A        6     16F4       0
                text15                              C45      C45       16     188A       0
                text14                              D3A      D3A       22     1A74       0
                text13                              3E6      3E6       F6        8       0
                text12                              F79      F79       87     1EF2       0
                text11                              2C4      2C4      122        8       0
                text10                              BBB      BBB        B     1776       0
                text9                               CDF      CDF       1C     19BE       0
                text8                               B9E      B9E        8     173C       0
                text7                               E67      E67       40     1CCE       0
                text6                               BD1      BD1        C     17A2       0
                text5                               B55      B55        3     16AA       0
                text4                               BC6      BC6        B     178C       0
                text3                               B5B      B5B        4     16B6       0
                text2                               C5B      C5B       18     18B6       0
                text1                               B64      B64        5     16C8       0
                maintext                            7DB      7DB       25        8       0
                cstackBANK0                          20       20       46       20       1
                cstackCOMMON                         70       70        8       70       1
                cstackBANK1                          DE       DE        4       A0       1
                clrtext                             B80      B80        6     1700       0
                dataBANK1                            D9       D9        5       A0       1
                bssBANK1                             A0       A0       39       A0       1
                dataBANK0                            6C       6C        3       20       1
                bssBANK0                             66       66        6       20       1
                bssCOMMON                            78       78        3       70       1
                nvBANK1                              E2       E2        1       A0       1
                stringtext                         1000     1000        F     2000       0
                idataBANK1                          B69      B69        5     16D2       0
                idataBANK0                          B58      B58        3     16B0       0

TOTAL           Name                               Link     Load   Length     Space
        CLASS   STACK          

        CLASS   CODE           
                end_init                             30       30        2         0
                cinit                                32       32       30         0
                intentry                              4        4       2C         0
                reset_vec                             0        0        2         0
                text52                              BB0      BB0        B         0
                text51                              C8C      C8C       1B         0
                text50                              CA7      CA7       1C         0
                text48                              C73      C73       19         0
                text47                              BDD      BDD        D         0
                text46                              B4F      B4F        3         0
                text45                              B52      B52        3         0
                text44                              BA6      BA6        A         0
                text43                              BEA      BEA        D         0
                text42                              CC3      CC3       1C         0
                text41                              B6E      B6E        6         0
                text40                              B86      B86        8         0
                text39                              B8E      B8E        8         0
                text38                              B74      B74        6         0
                text37                              EA7      EA7       67         0
                text36                              E2A      E2A       3D         0
                text35                              C22      C22       11         0
                text34                              732      732       A9         0
                text33                              DEE      DEE       3C         0
                text32                              67E      67E       B4         0
                text31                              B96      B96        8         0
                text30                              D89      D89       30         0
                text29                              BF7      BF7        E         0
                text28                              C33      C33       12         0
                text27                               62       62      262         0
                text26                              C05      C05        E         0
                text25                              CFB      CFB       1E         0
                text24                              F0E      F0E       6B         0
                text23                              DB9      DB9       35         0
                text22                              D5C      D5C       2D         0
                text21                              D19      D19       21         0
                text20                              B5F      B5F        5         0
                text19                              5C6      5C6       B8         0
                text18                              C13      C13        F         0
                text17                              4DC      4DC       EA         0
                text16                              B7A      B7A        6         0
                text15                              C45      C45       16         0
                text14                              D3A      D3A       22         0
                text13                              3E6      3E6       F6         0
                text12                              F79      F79       87         0
                text11                              2C4      2C4      122         0
                text10                              BBB      BBB        B         0
                text9                               CDF      CDF       1C         0
                text8                               B9E      B9E        8         0
                text7                               E67      E67       40         0
                text6                               BD1      BD1        C         0
                text5                               B55      B55        3         0
                text4                               BC6      BC6        B         0
                text3                               B5B      B5B        4         0
                text2                               C5B      C5B       18         0
                text1                               B64      B64        5         0
                maintext                            7DB      7DB       25         0
                clrtext                             B80      B80        6         0
                idataBANK1                          B69      B69        5         0
                idataBANK0                          B58      B58        3         0

        CLASS   STRCODE        
                stringtext                         1000     1000        F         0

        CLASS   STRING         

        CLASS   CONST          

        CLASS   ENTRY          

        CLASS   COMMON         
                cstackCOMMON                         70       70        8         1
                bssCOMMON                            78       78        3         1

        CLASS   BANK0          
                cstackBANK0                          20       20       46         1
                dataBANK0                            6C       6C        3         1
                bssBANK0                             66       66        6         1

        CLASS   BANK1          
                cstackBANK1                          DE       DE        4         1
                dataBANK1                            D9       D9        5         1
                bssBANK1                             A0       A0       39         1
                nvBANK1                              E2       E2        1         1

        CLASS   BANK2          

        CLASS   BANK3          

        CLASS   BANK4          

        CLASS   BANK5          

        CLASS   BANK6          

        CLASS   BANK7          

        CLASS   BANK8          

        CLASS   BANK9          

        CLASS   BANK10         

        CLASS   BANK11         

        CLASS   BANK12         

        CLASS   BIGRAM         

        CLASS   RAM            

        CLASS   ABS1           
                abs_s1                               7E       7E        2         1

        CLASS   SFR0           

        CLASS   SFR1           

        CLASS   SFR2           

        CLASS   SFR3           

        CLASS   SFR4           

        CLASS   SFR5           

        CLASS   SFR6           

        CLASS   SFR7           

        CLASS   SFR8           

        CLASS   SFR9           

        CLASS   SFR10          

        CLASS   SFR11          

        CLASS   SFR12          

        CLASS   SFR13          

        CLASS   SFR14          

        CLASS   SFR15          

        CLASS   SFR16          

        CLASS   SFR17          

        CLASS   SFR18          

        CLASS   SFR19          

        CLASS   SFR20          

        CLASS   SFR21          

        CLASS   SFR22          

        CLASS   SFR23          

        CLASS   SFR24          

        CLASS   SFR25          

        CLASS   SFR26          

        CLASS   SFR27          

        CLASS   SFR28          

        CLASS   SFR29          

        CLASS   SFR30          

        CLASS   SFR31          

        CLASS   CONFIG         
                config                             8007     8007        4         0

        CLASS   IDLOC          

        CLASS   EEDATA         

        CLASS   BANK31         

        CLASS   BANK30         

        CLASS   BANK29         

        CLASS   BANK28         

        CLASS   BANK27         

        CLASS   BANK26         

        CLASS   BANK25         

        CLASS   BANK24         

        CLASS   BANK23         

        CLASS   BANK22         

        CLASS   BANK21         

        CLASS   BANK20         

        CLASS   BANK19         

        CLASS   BANK18         

        CLASS   BANK17         

        CLASS   BANK16         

        CLASS   BANK15         

        CLASS   BANK14         

        CLASS   BANK13         



SEGMENTS        Name                           Load    Length   Top    Selector   Space  Class     Delta

                reset_vec                      000000  000002  000002         0       0  CODE        2
                intentry                       000004  0007FC  000800         8       0  CODE        2
                cstackBANK0                    000020  00004F  00006F        20       1  BANK0       1
                cstackCOMMON                   000070  00000B  00007B        70       1  COMMON      1
                bssBANK1                       0000A0  000043  0000E3        A0       1  BANK1       1
                text46                         000B4F  000003  000B52      169E       0  CODE        2
                text45                         000B52  000003  000B55      16A4       0  CODE        2
                text5                          000B55  000003  000B58      16AA       0  CODE        2
                idataBANK0                     000B58  000003  000B5B      16B0       0  CODE        2
                text3                          000B5B  000004  000B5F      16B6       0  CODE        2
                text20                         000B5F  000005  000B64      16BE       0  CODE        2
                text1                          000B64  000005  000B69      16C8       0  CODE        2
                idataBANK1                     000B69  000005  000B6E      16D2       0  CODE        2
                text41                         000B6E  000006  000B74      16DC       0  CODE        2
                text38                         000B74  000006  000B7A      16E8       0  CODE        2
                text16                         000B7A  000006  000B80      16F4       0  CODE        2
                clrtext                        000B80  000006  000B86      1700       0  CODE        2
                text40                         000B86  000008  000B8E      170C       0  CODE        2
                text39                         000B8E  000008  000B96      171C       0  CODE        2
                text31                         000B96  000008  000B9E      172C       0  CODE        2
                text8                          000B9E  000008  000BA6      173C       0  CODE        2
                text44                         000BA6  00000A  000BB0      174C       0  CODE        2
                text52                         000BB0  00000B  000BBB      1760       0  CODE        2
                text10                         000BBB  00000B  000BC6      1776       0  CODE        2
                text4                          000BC6  00000B  000BD1      178C       0  CODE        2
                text6                          000BD1  00000C  000BDD      17A2       0  CODE        2
                text47                         000BDD  00000D  000BEA      17BA       0  CODE        2
                text43                         000BEA  00000D  000BF7      17D4       0  CODE        2
                text29                         000BF7  00000E  000C05      17EE       0  CODE        2
                text26                         000C05  00000E  000C13      180A       0  CODE        2
                text18                         000C13  00000F  000C22      1826       0  CODE        2
                text35                         000C22  000011  000C33      1844       0  CODE        2
                text28                         000C33  000012  000C45      1866       0  CODE        2
                text15                         000C45  000016  000C5B      188A       0  CODE        2
                text2                          000C5B  000018  000C73      18B6       0  CODE        2
                text48                         000C73  000019  000C8C      18E6       0  CODE        2
                text51                         000C8C  00001B  000CA7      1918       0  CODE        2
                text50                         000CA7  00001C  000CC3      194E       0  CODE        2
                text42                         000CC3  00001C  000CDF      1986       0  CODE        2
                text9                          000CDF  00001C  000CFB      19BE       0  CODE        2
                text25                         000CFB  00001E  000D19      19F6       0  CODE        2
                text21                         000D19  000021  000D3A      1A32       0  CODE        2
                text14                         000D3A  000022  000D5C      1A74       0  CODE        2
                text22                         000D5C  00002D  000D89      1AB8       0  CODE        2
                text30                         000D89  000030  000DB9      1B12       0  CODE        2
                text23                         000DB9  000035  000DEE      1B72       0  CODE        2
                text33                         000DEE  00003C  000E2A      1BDC       0  CODE        2
                text36                         000E2A  00003D  000E67      1C54       0  CODE        2
                text7                          000E67  000040  000EA7      1CCE       0  CODE        2
                text37                         000EA7  000067  000F0E      1D4E       0  CODE        2
                text24                         000F0E  00006B  000F79      1E1C       0  CODE        2
                text12                         000F79  000087  001000      1EF2       0  CODE        2
                stringtext                     001000  00000F  00100F      2000       0  STRCODE     2
                config                         008007  000004  00800B     1000E       0  CONFIG      2


UNUSED ADDRESS RANGES

        Name                Unused          Largest block    Delta
        BANK0            0006F-0006F               1           1
        BANK1            000E3-000EF               D           1
        BANK10           00520-0056F              50           1
        BANK11           005A0-005EF              50           1
        BANK12           00620-0064F              30           1
        BANK2            00120-0016F              50           1
        BANK3            001A0-001EF              50           1
        BANK4            00220-0026F              50           1
        BANK5            002A0-002EF              50           1
        BANK6            00320-0036F              50           1
        BANK7            003A0-003EF              50           1
        BANK8            00420-0046F              50           1
        BANK9            004A0-004EF              50           1
        BIGRAM           02000-023EF             3F0           1
        CODE             00002-00003               2           2
                         00800-00B4E             34F
                         0100F-01FFF             7F1
        COMMON           0007B-0007D               3           1
        CONST            00002-00003               2           2
                         00800-00B4E             100
                         0100F-01FFF             100
        EEDATA           0F000-0F0FF             100           2
        ENTRY            00002-00003               2           2
                         00800-00B4E             100
                         0100F-01FFF             100
        IDLOC            08000-08003               4           2
        RAM              0006F-0006F               1           1
                         000E3-000EF               D
                         00120-0016F              50
                         001A0-001EF              50
                         00220-0026F              50
                         002A0-002EF              50
                         00320-0036F              50
                         003A0-003EF              50
                         00420-0046F              50
                         004A0-004EF              50
                         00520-0056F              50
                         005A0-005EF              50
                         00620-0064F              30
        SFR0             00000-0001F              20           1
        SFR1             00080-0009F              20           1
        SFR10            00500-0051F              20           1
        SFR11            00580-0059F              20           1
        SFR12            00600-0061F              20           1
        SFR13            00680-006EF              70           1
        SFR14            00700-0076F              70           1
        SFR15            00780-007EF              70           1
        SFR16            00800-0086F              70           1
        SFR17            00880-008EF              70           1
        SFR18            00900-0096F              70           1
        SFR19            00980-009EF              70           1
        SFR2             00100-0011F              20           1
        SFR20            00A00-00A6F              70           1
        SFR21            00A80-00AEF              70           1
        SFR22            00B00-00B6F              70           1
        SFR23            00B80-00BEF              70           1
        SFR24            00C00-00C6F              70           1
        SFR25            00C80-00CEF              70           1
        SFR26            00D00-00D6F              70           1
        SFR27            00D80-00DEF              70           1
        SFR28            00E00-00E6F              70           1
        SFR29            00E80-00EEF              70           1
        SFR3             00180-0019F              20           1
        SFR30            00F00-00F6F              70           1
        SFR31            00F80-00FEF              70           1
        SFR4             00200-0021F              20           1
        SFR5             00280-0029F              20           1
        SFR6             00300-0031F              20           1
        SFR7             00380-0039F              20           1
        SFR8             00400-0041F              20           1
        SFR9             00480-0049F              20           1
        STACK            02093-023EF             35D           1
        STRCODE          00002-00003               2           2
                         00800-00B4E             34F
                         0100F-01FFF             FF1
        STRING           00002-00003               2           2
                         00800-00B4E             100
                         0100F-01FFF             100

                                  Symbol Table

?_ADC_GetConversion                  cstackCOMMON 00073
?_ADC_GetResult                      cstackCOMMON 00073
?_PI_GetSensorHeight                 cstackCOMMON 00073
?___altoft                           cstackBANK0  00023
?___awtoft                           cstackBANK0  00023
?___ftadd                            cstackBANK0  00039
?___ftdiv                            cstackBANK0  00023
?___ftmul                            cstackBANK0  00029
?___ftneg                            cstackCOMMON 00073
?___ftpack                           cstackCOMMON 00073
?___fttol                            cstackBANK0  00046
?___lmul                             cstackBANK0  00020
?___lwdiv                            cstackCOMMON 00073
?___lwmod                            cstackBANK0  00023
?___wmul                             cstackCOMMON 00073
?_atof                               cstackBANK0  0005F
?_atoi                               cstackBANK0  00022
?_printf                             cstackBANK0  00029
?_strtod                             cstackBANK0  00042
ADC_GetConversion@channel            cstackCOMMON 00076
ADC_SelectChannel@channel            cstackCOMMON 00074
ADC_Start@reference                  cstackCOMMON 00075
EUSART_Read@readValue                cstackCOMMON 00074
EUSART_Write@txData                  cstackCOMMON 00074
Java@i                               cstackBANK1  000DE
PIN_MANAGER_Initialize@state         cstackCOMMON 00073
PI_SetKi@value                       cstackCOMMON 00073
PI_SetKp@value                       cstackCOMMON 00073
PI_SetSetpoint@value                 cstackCOMMON 00073
PWM5_LoadDutyValue@dutyValue         cstackCOMMON 00073
UART@ki                              bssBANK1     000B8
UART@kp                              bssBANK1     000BB
UART@sensorHeight                    bssBANK1     000BE
UART@setpoint                        bssBANK1     000C0
_ADACT                               (abs)        0009F
_ADCON0                              (abs)        0009D
_ADCON0bits                          (abs)        0009D
_ADCON1                              (abs)        0009E
_ADC_GetConversion                   text48       00C73
_ADC_GetResult                       text16       00B7A
_ADC_ISR                             text52       00BB0
_ADC_Initialize                      text10       00BBB
_ADC_SelectChannel                   text47       00BDD
_ADC_Start                           text43       00BEA
_ADC_StartConversion                 text46       00B4F
_ADC_result                          bssBANK1     000C2
_ADRESH                              (abs)        0009C
_ADRESL                              (abs)        0009B
_ANSELA                              (abs)        0018C
_ANSELB                              (abs)        0018D
_ANSELC                              (abs)        0018E
_BAUD1CON                            (abs)        0019F
_EUSART_Initialize                   text9        00CDF
_EUSART_Read                         text42       00CC3
_EUSART_Receive_ISR                  text51       00C8C
_EUSART_Transmit_ISR                 text50       00CA7
_EUSART_Write                        text21       00D19
_GIE                                 (abs)        0005F
_INTCONbits                          (abs)        0000B
_INTERRUPT_InterruptManager          intentry     00004
_Java                                text17       004DC
_LATA                                (abs)        0010C
_LATB                                (abs)        0010D
_LATC                                (abs)        0010E
_ODCONA                              (abs)        0028C
_ODCONB                              (abs)        0028D
_ODCONC                              (abs)        0028E
_OSCCON1                             (abs)        00919
_OSCCON3                             (abs)        0091B
_OSCEN                               (abs)        0091D
_OSCFRQ                              (abs)        0091F
_OSCILLATOR_Initialize               text8        00B9E
_OSCTUNE                             (abs)        0091E
_PI                                  text11       002C4
_PI$1265                             cstackBANK0  00056
_PIE1bits                            (abs)        00091
_PIN_MANAGER_Initialize              text7        00E67
_PIR0bits                            (abs)        00010
_PIR1bits                            (abs)        00011
_PI_GetSensorHeight                  text41       00B6E
_PI_SetKi                            text40       00B86
_PI_SetKp                            text39       00B8E
_PI_SetSetpoint                      text38       00B74
_PPSLOCK                             (abs)        00E0F
_PPSLOCKbits                         (abs)        00E0F
_PR2                                 (abs)        0001E
_PWM5CON                             (abs)        00619
_PWM5DCH                             (abs)        00618
_PWM5DCL                             (abs)        00617
_PWM5_Initialize                     text6        00BD1
_PWM5_LoadDutyValue                  text15       00C45
_PWMTMRSbits                         (abs)        0061F
_RB7PPSbits                          (abs)        00E9F
_RC1PPSbits                          (abs)        00EA1
_RC1REG                              (abs)        00199
_RC1STA                              (abs)        0019D
_RC1STAbits                          (abs)        0019D
_RXPPSbits                           (abs)        00E24
_SP1BRGH                             (abs)        0019C
_SP1BRGL                             (abs)        0019B
_SYSTEM_Initialize                   text2        00C5B
_T0CON0                              (abs)        00017
_T0CON0bits                          (abs)        00017
_T0CON1                              (abs)        00018
_T2CON                               (abs)        0001F
_T2CONbits                           (abs)        0001F
_TMR0H                               (abs)        00016
_TMR0L                               (abs)        00015
_TMR0_HasOverflowOccured             text1        00B64
_TMR0_Initialize                     text4        00BC6
_TMR0_StartTimer                     text5        00B55
_TMR2                                (abs)        0001D
_TMR2_Initialize                     text44       00BA6
_TMR2_StartTimer                     text45       00B52
_TRISA                               (abs)        0008C
_TRISB                               (abs)        0008D
_TRISC                               (abs)        0008E
_TX1REG                              (abs)        0019A
_TX1STA                              (abs)        0019E
_WDTCON                              (abs)        00097
_WDT_Initialize                      text3        00B5B
_WPUA                                (abs)        0020C
_WPUB                                (abs)        0020D
_WPUC                                (abs)        0020E
__CFG_BOREN$ON                       (abs)        00000
__CFG_BORV$LOW                       (abs)        00000
__CFG_CLKOUTEN$OFF                   (abs)        00000
__CFG_CP$OFF                         (abs)        00000
__CFG_CPD$OFF                        (abs)        00000
__CFG_CSWEN$ON                       (abs)        00000
__CFG_DEBUG$OFF                      (abs)        00000
__CFG_FCMEN$ON                       (abs)        00000
__CFG_FEXTOSC$OFF                    (abs)        00000
__CFG_LPBOREN$OFF                    (abs)        00000
__CFG_LVP$ON                         (abs)        00000
__CFG_MCLRE$ON                       (abs)        00000
__CFG_PPS1WAY$ON                     (abs)        00000
__CFG_PWRTE$OFF                      (abs)        00000
__CFG_RSTOSC$HFINT32                 (abs)        00000
__CFG_STVREN$ON                      (abs)        00000
__CFG_WDTE$OFF                       (abs)        00000
__CFG_WRT$OFF                        (abs)        00000
__Habs1                              abs1         00000
__Hbank0                             bank0        00000
__Hbank1                             bank1        00000
__Hbank10                            bank10       00000
__Hbank11                            bank11       00000
__Hbank12                            bank12       00000
__Hbank13                            bank13       00000
__Hbank14                            bank14       00000
__Hbank15                            bank15       00000
__Hbank16                            bank16       00000
__Hbank17                            bank17       00000
__Hbank18                            bank18       00000
__Hbank19                            bank19       00000
__Hbank2                             bank2        00000
__Hbank20                            bank20       00000
__Hbank21                            bank21       00000
__Hbank22                            bank22       00000
__Hbank23                            bank23       00000
__Hbank24                            bank24       00000
__Hbank25                            bank25       00000
__Hbank26                            bank26       00000
__Hbank27                            bank27       00000
__Hbank28                            bank28       00000
__Hbank29                            bank29       00000
__Hbank3                             bank3        00000
__Hbank30                            bank30       00000
__Hbank31                            bank31       00000
__Hbank4                             bank4        00000
__Hbank5                             bank5        00000
__Hbank6                             bank6        00000
__Hbank7                             bank7        00000
__Hbank8                             bank8        00000
__Hbank9                             bank9        00000
__Hbigram                            bigram       00000
__HbssBANK0                          bssBANK0     00000
__HbssBANK1                          bssBANK1     00000
__HbssCOMMON                         bssCOMMON    00000
__Hcinit                             cinit        00062
__Hclrtext                           clrtext      00000
__Hcode                              code         00000
__Hcommon                            common       00000
__Hconfig                            config       0800B
__HcstackBANK0                       cstackBANK0  00000
__HcstackBANK1                       cstackBANK1  00000
__HcstackCOMMON                      cstackCOMMON 00000
__HdataBANK0                         dataBANK0    00000
__HdataBANK1                         dataBANK1    00000
__Heeprom_data                       eeprom_data  00000
__Hend_init                          end_init     00032
__Hfunctab                           functab      00000
__HidataBANK0                        idataBANK0   00000
__HidataBANK1                        idataBANK1   00000
__Hidloc                             idloc        00000
__Hinit                              init         00030
__Hintentry                          intentry     00030
__Hmaintext                          maintext     00000
__HnvBANK1                           nvBANK1      00000
__Hpowerup                           powerup      00000
__Hram                               ram          00000
__Hreset_vec                         reset_vec    00002
__Hsfr0                              sfr0         00000
__Hsfr1                              sfr1         00000
__Hsfr10                             sfr10        00000
__Hsfr11                             sfr11        00000
__Hsfr12                             sfr12        00000
__Hsfr13                             sfr13        00000
__Hsfr14                             sfr14        00000
__Hsfr15                             sfr15        00000
__Hsfr16                             sfr16        00000
__Hsfr17                             sfr17        00000
__Hsfr18                             sfr18        00000
__Hsfr19                             sfr19        00000
__Hsfr2                              sfr2         00000
__Hsfr20                             sfr20        00000
__Hsfr21                             sfr21        00000
__Hsfr22                             sfr22        00000
__Hsfr23                             sfr23        00000
__Hsfr24                             sfr24        00000
__Hsfr25                             sfr25        00000
__Hsfr26                             sfr26        00000
__Hsfr27                             sfr27        00000
__Hsfr28                             sfr28        00000
__Hsfr29                             sfr29        00000
__Hsfr3                              sfr3         00000
__Hsfr30                             sfr30        00000
__Hsfr31                             sfr31        00000
__Hsfr4                              sfr4         00000
__Hsfr5                              sfr5         00000
__Hsfr6                              sfr6         00000
__Hsfr7                              sfr7         00000
__Hsfr8                              sfr8         00000
__Hsfr9                              sfr9         00000
__Hspace_0                           (abs)        0800B
__Hspace_1                           (abs)        000E3
__Hspace_2                           (abs)        00000
__Hspace_3                           (abs)        00000
__Hstack                             stack        00000
__Hstrings                           strings      00000
__Hstringtext                        stringtext   00000
__Htext                              text         00000
__Labs1                              abs1         00000
__Lbank0                             bank0        00000
__Lbank1                             bank1        00000
__Lbank10                            bank10       00000
__Lbank11                            bank11       00000
__Lbank12                            bank12       00000
__Lbank13                            bank13       00000
__Lbank14                            bank14       00000
__Lbank15                            bank15       00000
__Lbank16                            bank16       00000
__Lbank17                            bank17       00000
__Lbank18                            bank18       00000
__Lbank19                            bank19       00000
__Lbank2                             bank2        00000
__Lbank20                            bank20       00000
__Lbank21                            bank21       00000
__Lbank22                            bank22       00000
__Lbank23                            bank23       00000
__Lbank24                            bank24       00000
__Lbank25                            bank25       00000
__Lbank26                            bank26       00000
__Lbank27                            bank27       00000
__Lbank28                            bank28       00000
__Lbank29                            bank29       00000
__Lbank3                             bank3        00000
__Lbank30                            bank30       00000
__Lbank31                            bank31       00000
__Lbank4                             bank4        00000
__Lbank5                             bank5        00000
__Lbank6                             bank6        00000
__Lbank7                             bank7        00000
__Lbank8                             bank8        00000
__Lbank9                             bank9        00000
__Lbigram                            bigram       00000
__LbssBANK0                          bssBANK0     00000
__LbssBANK1                          bssBANK1     00000
__LbssCOMMON                         bssCOMMON    00000
__Lcinit                             cinit        00032
__Lclrtext                           clrtext      00000
__Lcode                              code         00000
__Lcommon                            common       00000
__Lconfig                            config       08007
__LcstackBANK0                       cstackBANK0  00000
__LcstackBANK1                       cstackBANK1  00000
__LcstackCOMMON                      cstackCOMMON 00000
__LdataBANK0                         dataBANK0    00000
__LdataBANK1                         dataBANK1    00000
__Leeprom_data                       eeprom_data  00000
__Lend_init                          end_init     00030
__Lfunctab                           functab      00000
__LidataBANK0                        idataBANK0   00000
__LidataBANK1                        idataBANK1   00000
__Lidloc                             idloc        00000
__Linit                              init         00030
__Lintentry                          intentry     00004
__Lmaintext                          maintext     00000
__LnvBANK1                           nvBANK1      00000
__Lpowerup                           powerup      00000
__Lram                               ram          00000
__Lreset_vec                         reset_vec    00000
__Lsfr0                              sfr0         00000
__Lsfr1                              sfr1         00000
__Lsfr10                             sfr10        00000
__Lsfr11                             sfr11        00000
__Lsfr12                             sfr12        00000
__Lsfr13                             sfr13        00000
__Lsfr14                             sfr14        00000
__Lsfr15                             sfr15        00000
__Lsfr16                             sfr16        00000
__Lsfr17                             sfr17        00000
__Lsfr18                             sfr18        00000
__Lsfr19                             sfr19        00000
__Lsfr2                              sfr2         00000
__Lsfr20                             sfr20        00000
__Lsfr21                             sfr21        00000
__Lsfr22                             sfr22        00000
__Lsfr23                             sfr23        00000
__Lsfr24                             sfr24        00000
__Lsfr25                             sfr25        00000
__Lsfr26                             sfr26        00000
__Lsfr27                             sfr27        00000
__Lsfr28                             sfr28        00000
__Lsfr29                             sfr29        00000
__Lsfr3                              sfr3         00000
__Lsfr30                             sfr30        00000
__Lsfr31                             sfr31        00000
__Lsfr4                              sfr4         00000
__Lsfr5                              sfr5         00000
__Lsfr6                              sfr6         00000
__Lsfr7                              sfr7         00000
__Lsfr8                              sfr8         00000
__Lsfr9                              sfr9         00000
__Lspace_0                           (abs)        00000
__Lspace_1                           (abs)        00000
__Lspace_2                           (abs)        00000
__Lspace_3                           (abs)        00000
__Lstack                             stack        00000
__Lstrings                           strings      00000
__Lstringtext                        stringtext   00000
__Ltext                              text         00000
__S0                                 (abs)        0800B
__S1                                 (abs)        000E3
__S2                                 (abs)        00000
__S3                                 (abs)        00000
___altoft                            text36       00E2A
___altoft@c                          cstackBANK0  00023
___altoft@exp                        cstackBANK0  00029
___altoft@sign                       cstackBANK0  0002A
___awtoft                            text14       00D3A
___awtoft@c                          cstackBANK0  00023
___awtoft@sign                       cstackBANK0  00028
___bmul                              text35       00C22
___bmul@multiplicand                 cstackCOMMON 00073
___bmul@multiplier                   cstackCOMMON 00076
___bmul@product                      cstackCOMMON 00075
___ftadd                             text13       003E6
___ftadd@exp1                        cstackBANK0  00045
___ftadd@exp2                        cstackBANK0  00044
___ftadd@f1                          cstackBANK0  00039
___ftadd@f2                          cstackBANK0  0003C
___ftadd@sign                        cstackBANK0  00043
___ftdiv                             text34       00732
___ftdiv@cntr                        cstackBANK0  0002D
___ftdiv@exp                         cstackBANK0  00031
___ftdiv@f1                          cstackBANK0  00026
___ftdiv@f2                          cstackBANK0  00023
___ftdiv@f3                          cstackBANK0  0002E
___ftdiv@sign                        cstackBANK0  00032
___ftge                              text33       00DEE
___ftge@ff1                          cstackBANK0  00039
___ftge@ff2                          cstackBANK0  0003C
___ftmul                             text32       0067E
___ftmul@cntr                        cstackBANK0  00037
___ftmul@exp                         cstackBANK0  00033
___ftmul@f1                          cstackBANK0  00029
___ftmul@f2                          cstackBANK0  0002C
___ftmul@f3_as_product               cstackBANK0  00034
___ftmul@sign                        cstackBANK0  00038
___ftneg                             text31       00B96
___ftneg@f1                          cstackCOMMON 00073
___ftpack                            text37       00EA7
___ftpack@arg                        cstackCOMMON 00073
___ftpack@exp                        cstackCOMMON 00076
___ftpack@sign                       cstackCOMMON 00077
___fttol                             text12       00F79
___fttol@exp1                        cstackBANK0  00053
___fttol@f1                          cstackBANK0  00046
___fttol@lval                        cstackBANK0  0004F
___fttol@sign1                       cstackBANK0  0004E
___int_sp                            stack        00000
___latbits                           (abs)        00002
___lmul                              text30       00D89
___lmul@multiplicand                 cstackBANK0  00024
___lmul@multiplier                   cstackBANK0  00020
___lmul@product                      cstackCOMMON 00073
___lwdiv                             text23       00DB9
___lwdiv@counter                     cstackBANK0  00020
___lwdiv@dividend                    cstackCOMMON 00075
___lwdiv@divisor                     cstackCOMMON 00073
___lwdiv@quotient                    cstackBANK0  00021
___lwmod                             text22       00D5C
___lwmod@counter                     cstackBANK0  00028
___lwmod@dividend                    cstackBANK0  00025
___lwmod@divisor                     cstackBANK0  00023
___sp                                stack        00000
___wmul                              text25       00CFB
___wmul@multiplicand                 cstackCOMMON 00075
___wmul@multiplier                   cstackCOMMON 00073
___wmul@product                      cstackBANK0  00020
__end_of_ADC_GetConversion           text48       00C8C
__end_of_ADC_GetResult               text16       00B80
__end_of_ADC_ISR                     text52       00BBB
__end_of_ADC_Initialize              text10       00BC6
__end_of_ADC_SelectChannel           text47       00BEA
__end_of_ADC_Start                   text43       00BF7
__end_of_ADC_StartConversion         text46       00B52
__end_of_EUSART_Initialize           text9        00CFB
__end_of_EUSART_Read                 text42       00CDF
__end_of_EUSART_Receive_ISR          text51       00CA7
__end_of_EUSART_Transmit_ISR         text50       00CC3
__end_of_EUSART_Write                text21       00D3A
__end_of_INTERRUPT_InterruptManager  intentry     00030
__end_of_Java                        text17       005C6
__end_of_OSCILLATOR_Initialize       text8        00BA6
__end_of_PI                          text11       003E6
__end_of_PIN_MANAGER_Initialize      text7        00EA7
__end_of_PI_GetSensorHeight          text41       00B74
__end_of_PI_SetKi                    text40       00B8E
__end_of_PI_SetKp                    text39       00B96
__end_of_PI_SetSetpoint              text38       00B7A
__end_of_PWM5_Initialize             text6        00BDD
__end_of_PWM5_LoadDutyValue          text15       00C5B
__end_of_SYSTEM_Initialize           text2        00C73
__end_of_TMR0_HasOverflowOccured     text1        00B69
__end_of_TMR0_Initialize             text4        00BD1
__end_of_TMR0_StartTimer             text5        00B58
__end_of_TMR2_Initialize             text44       00BB0
__end_of_TMR2_StartTimer             text45       00B55
__end_of_WDT_Initialize              text3        00B5F
__end_of___altoft                    text36       00E67
__end_of___awtoft                    text14       00D5C
__end_of___bmul                      text35       00C33
__end_of___ftadd                     text13       004DC
__end_of___ftdiv                     text34       007DB
__end_of___ftge                      text33       00E2A
__end_of___ftmul                     text32       00732
__end_of___ftneg                     text31       00B9E
__end_of___ftpack                    text37       00F0E
__end_of___fttol                     text12       01000
__end_of___lmul                      text30       00DB9
__end_of___lwdiv                     text23       00DEE
__end_of___lwmod                     text22       00D89
__end_of___wmul                      text25       00D19
__end_of__initialization             cinit        0005E
__end_of_atof                        text26       00C13
__end_of_atoi                        text24       00F79
__end_of_dpowers                     stringtext   0100A
__end_of_isdigit                     text29       00C05
__end_of_isspace                     text28       00C45
__end_of_main                        maintext     00800
__end_of_printf                      text19       0067E
__end_of_putch                       text20       00B64
__end_of_strtod                      text27       002C4
__end_of_toupper                     text18       00C22
__initialization                     cinit        00032
__pbssBANK0                          bssBANK0     00066
__pbssBANK1                          bssBANK1     000A0
__pbssCOMMON                         bssCOMMON    00078
__pcstackBANK0                       cstackBANK0  00020
__pcstackBANK1                       cstackBANK1  000DE
__pcstackCOMMON                      cstackCOMMON 00070
__pdataBANK0                         dataBANK0    0006C
__pdataBANK1                         dataBANK1    000D9
__pidataBANK0                        idataBANK0   00B58
__pidataBANK1                        idataBANK1   00B69
__pintentry                          intentry     00004
__pmaintext                          maintext     007DB
__pnvBANK1                           nvBANK1      000E2
__pstringtext                        stringtext   01000
__ptext1                             text1        00B64
__ptext10                            text10       00BBB
__ptext11                            text11       002C4
__ptext12                            text12       00F79
__ptext13                            text13       003E6
__ptext14                            text14       00D3A
__ptext15                            text15       00C45
__ptext16                            text16       00B7A
__ptext17                            text17       004DC
__ptext18                            text18       00C13
__ptext19                            text19       005C6
__ptext2                             text2        00C5B
__ptext20                            text20       00B5F
__ptext21                            text21       00D19
__ptext22                            text22       00D5C
__ptext23                            text23       00DB9
__ptext24                            text24       00F0E
__ptext25                            text25       00CFB
__ptext26                            text26       00C05
__ptext27                            text27       00062
__ptext28                            text28       00C33
__ptext29                            text29       00BF7
__ptext3                             text3        00B5B
__ptext30                            text30       00D89
__ptext31                            text31       00B96
__ptext32                            text32       0067E
__ptext33                            text33       00DEE
__ptext34                            text34       00732
__ptext35                            text35       00C22
__ptext36                            text36       00E2A
__ptext37                            text37       00EA7
__ptext38                            text38       00B74
__ptext39                            text39       00B8E
__ptext4                             text4        00BC6
__ptext40                            text40       00B86
__ptext41                            text41       00B6E
__ptext42                            text42       00CC3
__ptext43                            text43       00BEA
__ptext44                            text44       00BA6
__ptext45                            text45       00B52
__ptext46                            text46       00B4F
__ptext47                            text47       00BDD
__ptext48                            text48       00C73
__ptext5                             text5        00B55
__ptext50                            text50       00CA7
__ptext51                            text51       00C8C
__ptext52                            text52       00BB0
__ptext6                             text6        00BD1
__ptext7                             text7        00E67
__ptext8                             text8        00B9E
__ptext9                             text9        00CDF
__size_of_ADC_GetConversion          (abs)        00000
__size_of_ADC_GetResult              (abs)        00000
__size_of_ADC_ISR                    (abs)        00000
__size_of_ADC_Initialize             (abs)        00000
__size_of_ADC_SelectChannel          (abs)        00000
__size_of_ADC_Start                  (abs)        00000
__size_of_ADC_StartConversion        (abs)        00000
__size_of_EUSART_Initialize          (abs)        00000
__size_of_EUSART_Read                (abs)        00000
__size_of_EUSART_Receive_ISR         (abs)        00000
__size_of_EUSART_Transmit_ISR        (abs)        00000
__size_of_EUSART_Write               (abs)        00000
__size_of_INTERRUPT_InterruptManager (abs)        00000
__size_of_Java                       (abs)        00000
__size_of_OSCILLATOR_Initialize      (abs)        00000
__size_of_PI                         (abs)        00000
__size_of_PIN_MANAGER_Initialize     (abs)        00000
__size_of_PI_GetSensorHeight         (abs)        00000
__size_of_PI_SetKi                   (abs)        00000
__size_of_PI_SetKp                   (abs)        00000
__size_of_PI_SetSetpoint             (abs)        00000
__size_of_PWM5_Initialize            (abs)        00000
__size_of_PWM5_LoadDutyValue         (abs)        00000
__size_of_SYSTEM_Initialize          (abs)        00000
__size_of_TMR0_HasOverflowOccured    (abs)        00000
__size_of_TMR0_Initialize            (abs)        00000
__size_of_TMR0_StartTimer            (abs)        00000
__size_of_TMR2_Initialize            (abs)        00000
__size_of_TMR2_StartTimer            (abs)        00000
__size_of_WDT_Initialize             (abs)        00000
__size_of___altoft                   (abs)        00000
__size_of___awtoft                   (abs)        00000
__size_of___bmul                     (abs)        00000
__size_of___ftadd                    (abs)        00000
__size_of___ftdiv                    (abs)        00000
__size_of___ftge                     (abs)        00000
__size_of___ftmul                    (abs)        00000
__size_of___ftneg                    (abs)        00000
__size_of___ftpack                   (abs)        00000
__size_of___fttol                    (abs)        00000
__size_of___lmul                     (abs)        00000
__size_of___lwdiv                    (abs)        00000
__size_of___lwmod                    (abs)        00000
__size_of___wmul                     (abs)        00000
__size_of_atof                       (abs)        00000
__size_of_atoi                       (abs)        00000
__size_of_isdigit                    (abs)        00000
__size_of_isspace                    (abs)        00000
__size_of_main                       (abs)        00000
__size_of_printf                     (abs)        00000
__size_of_putch                      (abs)        00000
__size_of_strtod                     (abs)        00000
__size_of_toupper                    (abs)        00000
_atof                                text26       00C05
_atoi                                text24       00F0E
_command                             bssBANK0     00069
_data                                bssBANK1     000A0
_dpowers                             stringtext   01000
_dutycycle                           bssBANK1     000C8
_error                               bssBANK1     000CA
_eusartRxBuffer                      bssBANK1     000A8
_eusartRxCount                       bssCOMMON    00078
_eusartRxHead                        bssBANK0     0006A
_eusartRxTail                        bssBANK0     0006B
_eusartTxBuffer                      bssBANK1     000B0
_eusartTxBufferRemaining             nvBANK1      000E2
_eusartTxHead                        bssCOMMON    00079
_eusartTxTail                        bssCOMMON    0007A
_index                               bssBANK1     000CC
_integral                            bssBANK0     00066
_isdigit                             text29       00BF7
_isdigit$968                         cstackCOMMON 00073
_isspace                             text28       00C33
_isspace$971                         cstackCOMMON 00073
_ki                                  dataBANK0    0006C
_kp                                  dataBANK1    000D9
_main                                maintext     007DB
_printCycle                          bssBANK1     000CE
_printf                              text19       005C6
_putch                               text20       00B5F
_sensorHeight                        bssBANK1     000D0
_setpoint                            dataBANK1    000DC
_strtod                              text27       00062
_strtod$892                          cstackBANK0  00055
_strtod$893                          cstackBANK0  00049
_strtod$894                          cstackBANK0  0004C
_strtod$895                          cstackBANK0  0004F
_strtod$896                          cstackBANK0  00052
_toupper                             text18       00C13
_value                               bssBANK1     000D2
atof@s                               cstackBANK0  00063
atoi@a                               cstackBANK0  00027
atoi@s                               cstackBANK0  00029
atoi@sign                            cstackBANK0  00026
btemp                                (abs)        0007E
clear_ram0                           clrtext      00B80
end_of_initialization                cinit        0005E
int$flags                            (abs)        0007E
intlevel0                            functab      00000
intlevel1                            functab      00000
intlevel2                            functab      00000
intlevel3                            functab      00000
intlevel4                            functab      00000
intlevel5                            functab      00000
isdigit@c                            cstackCOMMON 00074
isspace@c                            cstackCOMMON 00074
main@threshold                       cstackBANK1  000E0
printf@ap                            cstackBANK0  00031
printf@c                             cstackBANK0  00036
printf@f                             cstackBANK0  00029
printf@flag                          cstackBANK0  00032
printf@prec                          cstackBANK0  00033
printf@val                           cstackBANK0  00034
putch@txData                         cstackCOMMON 00075
reset_vec                            reset_vec    00000
stackhi                              (abs)        023EF
stacklo                              (abs)        02093
start                                init         00030
start_initialization                 cinit        00032
strtod@_u                            cstackBANK0  0005A
strtod@eexp                          cstackBANK0  00057
strtod@expon                         cstackBANK0  00059
strtod@flags                         cstackBANK0  00058
strtod@res                           cstackBANK0  00042
strtod@s                             cstackBANK0  0005E
toupper@c                            cstackCOMMON 00074
wtemp0                               (abs)        0007E


FUNCTION INFORMATION:

 *************** function _main *****************
 Defined at:
		line 25 in file "main.c"
 Parameters:    Size  Location     Type
		None
 Auto vars:     Size  Location     Type
  threshold       2    2[BANK1 ] int 
 Return value:  Size  Location     Type
                  1    wreg      void 
 Registers used:
		wreg, fsr0l, fsr0h, fsr1l, fsr1h, status,2, status,0, pclath, cstack
 Tracked objects:
		On entry : 
		On exit  : 
		Unchanged: 
 Data sizes:     COMMON   BANK0   BANK1   BANK2   BANK3   BANK4   BANK5   BANK6   BANK7   BANK8   BANK9  BANK10  BANK11  BANK12
      Params:         0       0       0       0       0       0       0       0       0       0       0       0       0       0
      Locals:         0       0       2       0       0       0       0       0       0       0       0       0       0       0
      Temps:          0       0       0       0       0       0       0       0       0       0       0       0       0       0
      Totals:         0       0       2       0       0       0       0       0       0       0       0       0       0       0
Total ram usage:        2 bytes
 Hardware stack levels required when called:    7
 This function calls:
		_ADC_GetConversion
		_ADC_Start
		_Java
		_PI
		_SYSTEM_Initialize
		_TMR0_HasOverflowOccured
		_TMR0_Initialize
 This function is called by:
		Startup code after reset
 This function uses a non-reentrant model


 *************** function _TMR0_HasOverflowOccured *****************
 Defined at:
		line 117 in file "mcc_generated_files/tmr0.c"
 Parameters:    Size  Location     Type
		None
 Auto vars:     Size  Location     Type
		None
 Return value:  Size  Location     Type
                  1    wreg      unsigned char 
 Registers used:
		wreg, status,2, status,0
 Tracked objects:
		On entry : 
		On exit  : 
		Unchanged: 
 Data sizes:     COMMON   BANK0   BANK1   BANK2   BANK3   BANK4   BANK5   BANK6   BANK7   BANK8   BANK9  BANK10  BANK11  BANK12
      Params:         0       0       0       0       0       0       0       0       0       0       0       0       0       0
      Locals:         0       0       0       0       0       0       0       0       0       0       0       0       0       0
      Temps:          0       0       0       0       0       0       0       0       0       0       0       0       0       0
      Totals:         0       0       0       0       0       0       0       0       0       0       0       0       0       0
Total ram usage:        0 bytes
 Hardware stack levels used:    1
 Hardware stack levels required when called:    2
 This function calls:
		Nothing
 This function is called by:
		_main
 This function uses a non-reentrant model


 *************** function _SYSTEM_Initialize *****************
 Defined at:
		line 76 in file "mcc_generated_files/mcc.c"
 Parameters:    Size  Location     Type
		None
 Auto vars:     Size  Location     Type
		None
 Return value:  Size  Location     Type
                  1    wreg      void 
 Registers used:
		wreg, status,2, status,0, pclath, cstack
 Tracked objects:
		On entry : 
		On exit  : 
		Unchanged: 
 Data sizes:     COMMON   BANK0   BANK1   BANK2   BANK3   BANK4   BANK5   BANK6   BANK7   BANK8   BANK9  BANK10  BANK11  BANK12
      Params:         0       0       0       0       0       0       0       0       0       0       0       0       0       0
      Locals:         0       0       0       0       0       0       0       0       0       0       0       0       0       0
      Temps:          0       0       0       0       0       0       0       0       0       0       0       0       0       0
      Totals:         0       0       0       0       0       0       0       0       0       0       0       0       0       0
Total ram usage:        0 bytes
 Hardware stack levels used:    1
 Hardware stack levels required when called:    4
 This function calls:
		_ADC_Initialize
		_EUSART_Initialize
		_OSCILLATOR_Initialize
		_PIN_MANAGER_Initialize
		_PWM5_Initialize
		_TMR0_Initialize
		_TMR2_Initialize
		_WDT_Initialize
 This function is called by:
		_main
 This function uses a non-reentrant model


 *************** function _WDT_Initialize *****************
 Defined at:
		line 105 in file "mcc_generated_files/mcc.c"
 Parameters:    Size  Location     Type
		None
 Auto vars:     Size  Location     Type
		None
 Return value:  Size  Location     Type
                  1    wreg      void 
 Registers used:
		wreg
 Tracked objects:
		On entry : 
		On exit  : 
		Unchanged: 
 Data sizes:     COMMON   BANK0   BANK1   BANK2   BANK3   BANK4   BANK5   BANK6   BANK7   BANK8   BANK9  BANK10  BANK11  BANK12
      Params:         0       0       0       0       0       0       0       0       0       0       0       0       0       0
      Locals:         0       0       0       0       0       0       0       0       0       0       0       0       0       0
      Temps:          0       0       0       0       0       0       0       0       0       0       0       0       0       0
      Totals:         0       0       0       0       0       0       0       0       0       0       0       0       0       0
Total ram usage:        0 bytes
 Hardware stack levels used:    1
 Hardware stack levels required when called:    2
 This function calls:
		Nothing
 This function is called by:
		_SYSTEM_Initialize
 This function uses a non-reentrant model


 *************** function _TMR0_Initialize *****************
 Defined at:
		line 60 in file "mcc_generated_files/tmr0.c"
 Parameters:    Size  Location     Type
		None
 Auto vars:     Size  Location     Type
		None
 Return value:  Size  Location     Type
                  1    wreg      void 
 Registers used:
		wreg, status,2, status,0, pclath, cstack
 Tracked objects:
		On entry : 
		On exit  : 
		Unchanged: 
 Data sizes:     COMMON   BANK0   BANK1   BANK2   BANK3   BANK4   BANK5   BANK6   BANK7   BANK8   BANK9  BANK10  BANK11  BANK12
      Params:         0       0       0       0       0       0       0       0       0       0       0       0       0       0
      Locals:         0       0       0       0       0       0       0       0       0       0       0       0       0       0
      Temps:          0       0       0       0       0       0       0       0       0       0       0       0       0       0
      Totals:         0       0       0       0       0       0       0       0       0       0       0       0       0       0
Total ram usage:        0 bytes
 Hardware stack levels used:    1
 Hardware stack levels required when called:    3
 This function calls:
		_TMR0_StartTimer
 This function is called by:
		_SYSTEM_Initialize
		_main
 This function uses a non-reentrant model


 *************** function _TMR0_StartTimer *****************
 Defined at:
		line 84 in file "mcc_generated_files/tmr0.c"
 Parameters:    Size  Location     Type
		None
 Auto vars:     Size  Location     Type
		None
 Return value:  Size  Location     Type
                  1    wreg      void 
 Registers used:
		None
 Tracked objects:
		On entry : 
		On exit  : 
		Unchanged: 
 Data sizes:     COMMON   BANK0   BANK1   BANK2   BANK3   BANK4   BANK5   BANK6   BANK7   BANK8   BANK9  BANK10  BANK11  BANK12
      Params:         0       0       0       0       0       0       0       0       0       0       0       0       0       0
      Locals:         0       0       0       0       0       0       0       0       0       0       0       0       0       0
      Temps:          0       0       0       0       0       0       0       0       0       0       0       0       0       0
      Totals:         0       0       0       0       0       0       0       0       0       0       0       0       0       0
Total ram usage:        0 bytes
 Hardware stack levels used:    1
 Hardware stack levels required when called:    2
 This function calls:
		Nothing
 This function is called by:
		_TMR0_Initialize
 This function uses a non-reentrant model


 *************** function _PWM5_Initialize *****************
 Defined at:
		line 57 in file "mcc_generated_files/pwm5.c"
 Parameters:    Size  Location     Type
		None
 Auto vars:     Size  Location     Type
		None
 Return value:  Size  Location     Type
                  1    wreg      void 
 Registers used:
		wreg, status,2, status,0
 Tracked objects:
		On entry : 
		On exit  : 
		Unchanged: 
 Data sizes:     COMMON   BANK0   BANK1   BANK2   BANK3   BANK4   BANK5   BANK6   BANK7   BANK8   BANK9  BANK10  BANK11  BANK12
      Params:         0       0       0       0       0       0       0       0       0       0       0       0       0       0
      Locals:         0       0       0       0       0       0       0       0       0       0       0       0       0       0
      Temps:          0       0       0       0       0       0       0       0       0       0       0       0       0       0
      Totals:         0       0       0       0       0       0       0       0       0       0       0       0       0       0
Total ram usage:        0 bytes
 Hardware stack levels used:    1
 Hardware stack levels required when called:    2
 This function calls:
		Nothing
 This function is called by:
		_SYSTEM_Initialize
 This function uses a non-reentrant model


 *************** function _PIN_MANAGER_Initialize *****************
 Defined at:
		line 51 in file "mcc_generated_files/pin_manager.c"
 Parameters:    Size  Location     Type
		None
 Auto vars:     Size  Location     Type
  state           1    3[COMMON] unsigned char 
 Return value:  Size  Location     Type
                  1    wreg      void 
 Registers used:
		wreg, status,2, status,0
 Tracked objects:
		On entry : 
		On exit  : 
		Unchanged: 
 Data sizes:     COMMON   BANK0   BANK1   BANK2   BANK3   BANK4   BANK5   BANK6   BANK7   BANK8   BANK9  BANK10  BANK11  BANK12
      Params:         0       0       0       0       0       0       0       0       0       0       0       0       0       0
      Locals:         1       0       0       0       0       0       0       0       0       0       0       0       0       0
      Temps:          0       0       0       0       0       0       0       0       0       0       0       0       0       0
      Totals:         1       0       0       0       0       0       0       0       0       0       0       0       0       0
Total ram usage:        1 bytes
 Hardware stack levels used:    1
 Hardware stack levels required when called:    2
 This function calls:
		Nothing
 This function is called by:
		_SYSTEM_Initialize
 This function uses a non-reentrant model


 *************** function _OSCILLATOR_Initialize *****************
 Defined at:
		line 89 in file "mcc_generated_files/mcc.c"
 Parameters:    Size  Location     Type
		None
 Auto vars:     Size  Location     Type
		None
 Return value:  Size  Location     Type
                  1    wreg      void 
 Registers used:
		wreg, status,2
 Tracked objects:
		On entry : 
		On exit  : 
		Unchanged: 
 Data sizes:     COMMON   BANK0   BANK1   BANK2   BANK3   BANK4   BANK5   BANK6   BANK7   BANK8   BANK9  BANK10  BANK11  BANK12
      Params:         0       0       0       0       0       0       0       0       0       0       0       0       0       0
      Locals:         0       0       0       0       0       0       0       0       0       0       0       0       0       0
      Temps:          0       0       0       0       0       0       0       0       0       0       0       0       0       0
      Totals:         0       0       0       0       0       0       0       0       0       0       0       0       0       0
Total ram usage:        0 bytes
 Hardware stack levels used:    1
 Hardware stack levels required when called:    2
 This function calls:
		Nothing
 This function is called by:
		_SYSTEM_Initialize
 This function uses a non-reentrant model


 *************** function _EUSART_Initialize *****************
 Defined at:
		line 75 in file "mcc_generated_files/eusart.c"
 Parameters:    Size  Location     Type
		None
 Auto vars:     Size  Location     Type
		None
 Return value:  Size  Location     Type
                  1    wreg      void 
 Registers used:
		wreg, status,2
 Tracked objects:
		On entry : 
		On exit  : 
		Unchanged: 
 Data sizes:     COMMON   BANK0   BANK1   BANK2   BANK3   BANK4   BANK5   BANK6   BANK7   BANK8   BANK9  BANK10  BANK11  BANK12
      Params:         0       0       0       0       0       0       0       0       0       0       0       0       0       0
      Locals:         0       0       0       0       0       0       0       0       0       0       0       0       0       0
      Temps:          1       0       0       0       0       0       0       0       0       0       0       0       0       0
      Totals:         1       0       0       0       0       0       0       0       0       0       0       0       0       0
Total ram usage:        1 bytes
 Hardware stack levels used:    1
 Hardware stack levels required when called:    2
 This function calls:
		Nothing
 This function is called by:
		_SYSTEM_Initialize
 This function uses a non-reentrant model


 *************** function _ADC_Initialize *****************
 Defined at:
		line 68 in file "mcc_generated_files/adc.c"
 Parameters:    Size  Location     Type
		None
 Auto vars:     Size  Location     Type
		None
 Return value:  Size  Location     Type
                  1    wreg      void 
 Registers used:
		wreg, status,2
 Tracked objects:
		On entry : 
[...]
 Auto vars:     Size  Location     Type
		None
 Return value:  Size  Location     Type
                  1    wreg      void 
 Registers used:
		wreg, status,2, status,0, pclath, cstack
 Tracked objects:
		On entry : 
		On exit  : 
		Unchanged: 
 Data sizes:     COMMON   BANK0   BANK1   BANK2   BANK3   BANK4   BANK5   BANK6   BANK7   BANK8   BANK9  BANK10  BANK11  BANK12
      Params:         2       0       0       0       0       0       0       0       0       0       0       0       0       0
      Locals:         0       0       0       0       0       0       0       0       0       0       0       0       0       0
      Temps:          0       0       0       0       0       0       0       0       0       0       0       0       0       0
      Totals:         2       0       0       0       0       0       0       0       0       0       0       0       0       0
Total ram usage:        2 bytes
 Hardware stack levels used:    1
 Hardware stack levels required when called:    4
 This function calls:
		_ADC_SelectChannel
		_ADC_StartConversion
		_TMR2_Initialize
		_TMR2_StartTimer
 This function is called by:
		_main
 This function uses a non-reentrant model


 *************** function _TMR2_Initialize *****************
 Defined at:
		line 63 in file "mcc_generated_files/tmr2.c"
 Parameters:    Size  Location     Type
		None
 Auto vars:     Size  Location     Type
		None
 Return value:  Size  Location     Type
                  1    wreg      void 
 Registers used:
		wreg, status,2, status,0, pclath, cstack
 Tracked objects:
		On entry : 
		On exit  : 
		Unchanged: 
 Data sizes:     COMMON   BANK0   BANK1   BANK2   BANK3   BANK4   BANK5   BANK6   BANK7   BANK8   BANK9  BANK10  BANK11  BANK12
      Params:         0       0       0       0       0       0       0       0       0       0       0       0       0       0
      Locals:         0       0       0       0       0       0       0       0       0       0       0       0       0       0
      Temps:          0       0       0       0       0       0       0       0       0       0       0       0       0       0
      Totals:         0       0       0       0       0       0       0       0       0       0       0       0       0       0
Total ram usage:        0 bytes
 Hardware stack levels used:    1
 Hardware stack levels required when called:    3
 This function calls:
		_TMR2_StartTimer
 This function is called by:
		_ADC_Start
		_SYSTEM_Initialize
 This function uses a non-reentrant model


 *************** function _TMR2_StartTimer *****************
 Defined at:
		line 83 in file "mcc_generated_files/tmr2.c"
 Parameters:    Size  Location     Type
		None
 Auto vars:     Size  Location     Type
		None
 Return value:  Size  Location     Type
                  1    wreg      void 
 Registers used:
		None
 Tracked objects:
		On entry : 
		On exit  : 
		Unchanged: 
 Data sizes:     COMMON   BANK0   BANK1   BANK2   BANK3   BANK4   BANK5   BANK6   BANK7   BANK8   BANK9  BANK10  BANK11  BANK12
      Params:         0       0       0       0       0       0       0       0       0       0       0       0       0       0
      Locals:         0       0       0       0       0       0       0       0       0       0       0       0       0       0
      Temps:          0       0       0       0       0       0       0       0       0       0       0       0       0       0
      Totals:         0       0       0       0       0       0       0       0       0       0       0       0       0       0
Total ram usage:        0 bytes
 Hardware stack levels used:    1
 Hardware stack levels required when called:    2
 This function calls:
		Nothing
 This function is called by:
		_TMR2_Initialize
		_ADC_Start
 This function uses a non-reentrant model


 *************** function _ADC_StartConversion *****************
 Defined at:
		line 99 in file "mcc_generated_files/adc.c"
 Parameters:    Size  Location     Type
		None
 Auto vars:     Size  Location     Type
		None
 Return value:  Size  Location     Type
                  1    wreg      void 
 Registers used:
		None
 Tracked objects:
		On entry : 
		On exit  : 
		Unchanged: 
 Data sizes:     COMMON   BANK0   BANK1   BANK2   BANK3   BANK4   BANK5   BANK6   BANK7   BANK8   BANK9  BANK10  BANK11  BANK12
      Params:         0       0       0       0       0       0       0       0       0       0       0       0       0       0
      Locals:         0       0       0       0       0       0       0       0       0       0       0       0       0       0
      Temps:          0       0       0       0       0       0       0       0       0       0       0       0       0       0
      Totals:         0       0       0       0       0       0       0       0       0       0       0       0       0       0
Total ram usage:        0 bytes
 Hardware stack levels used:    1
 Hardware stack levels required when called:    2
 This function calls:
		Nothing
 This function is called by:
		_ADC_Start
 This function uses a non-reentrant model


 *************** function _ADC_SelectChannel *****************
 Defined at:
		line 91 in file "mcc_generated_files/adc.c"
 Parameters:    Size  Location     Type
  channel         1    wreg     enum E7841
 Auto vars:     Size  Location     Type
  channel         1    4[COMMON] enum E7841
 Return value:  Size  Location     Type
                  1    wreg      void 
 Registers used:
		wreg, status,2, status,0
 Tracked objects:
		On entry : 
		On exit  : 
		Unchanged: 
 Data sizes:     COMMON   BANK0   BANK1   BANK2   BANK3   BANK4   BANK5   BANK6   BANK7   BANK8   BANK9  BANK10  BANK11  BANK12
      Params:         0       0       0       0       0       0       0       0       0       0       0       0       0       0
      Locals:         1       0       0       0       0       0       0       0       0       0       0       0       0       0
      Temps:          1       0       0       0       0       0       0       0       0       0       0       0       0       0
      Totals:         2       0       0       0       0       0       0       0       0       0       0       0       0       0
Total ram usage:        2 bytes
 Hardware stack levels used:    1
 Hardware stack levels required when called:    2
 This function calls:
		Nothing
 This function is called by:
		_ADC_Start
 This function uses a non-reentrant model


 *************** function _ADC_GetConversion *****************
 Defined at:
		line 118 in file "mcc_generated_files/adc.c"
 Parameters:    Size  Location     Type
  channel         1    wreg     enum E7841
 Auto vars:     Size  Location     Type
  channel         1    6[COMMON] enum E7841
 Return value:  Size  Location     Type
                  2    3[COMMON] unsigned int 
 Registers used:
		wreg, status,2, status,0
 Tracked objects:
		On entry : 
		On exit  : 
		Unchanged: 
 Data sizes:     COMMON   BANK0   BANK1   BANK2   BANK3   BANK4   BANK5   BANK6   BANK7   BANK8   BANK9  BANK10  BANK11  BANK12
      Params:         2       0       0       0       0       0       0       0       0       0       0       0       0       0
      Locals:         1       0       0       0       0       0       0       0       0       0       0       0       0       0
      Temps:          1       0       0       0       0       0       0       0       0       0       0       0       0       0
      Totals:         4       0       0       0       0       0       0       0       0       0       0       0       0       0
Total ram usage:        4 bytes
 Hardware stack levels used:    1
 Hardware stack levels required when called:    2
 This function calls:
		Nothing
 This function is called by:
		_main
 This function uses a non-reentrant model


 *************** function _INTERRUPT_InterruptManager *****************
 Defined at:
		line 51 in file "mcc_generated_files/interrupt_manager.c"
 Parameters:    Size  Location     Type
		None
 Auto vars:     Size  Location     Type
		None
 Return value:  Size  Location     Type
                  1    wreg      void 
 Registers used:
		wreg, fsr1l, fsr1h, status,2, status,0, pclath, cstack
 Tracked objects:
		On entry : 
		On exit  : 
		Unchanged: 
 Data sizes:     COMMON   BANK0   BANK1   BANK2   BANK3   BANK4   BANK5   BANK6   BANK7   BANK8   BANK9  BANK10  BANK11  BANK12
      Params:         0       0       0       0       0       0       0       0       0       0       0       0       0       0
      Locals:         0       0       0       0       0       0       0       0       0       0       0       0       0       0
      Temps:          1       0       0       0       0       0       0       0       0       0       0       0       0       0
      Totals:         1       0       0       0       0       0       0       0       0       0       0       0       0       0
Total ram usage:        1 bytes
 Hardware stack levels used:    1
 Hardware stack levels required when called:    1
 This function calls:
		_ADC_ISR
		_EUSART_Receive_ISR
		_EUSART_Transmit_ISR
 This function is called by:
		Interrupt level 1
 This function uses a non-reentrant model


 *************** function _EUSART_Transmit_ISR *****************
 Defined at:
		line 165 in file "mcc_generated_files/eusart.c"
 Parameters:    Size  Location     Type
		None
 Auto vars:     Size  Location     Type
		None
 Return value:  Size  Location     Type
                  1    wreg      void 
 Registers used:
		wreg, fsr1l, fsr1h, status,2, status,0
 Tracked objects:
		On entry : 
		On exit  : 
		Unchanged: 
 Data sizes:     COMMON   BANK0   BANK1   BANK2   BANK3   BANK4   BANK5   BANK6   BANK7   BANK8   BANK9  BANK10  BANK11  BANK12
      Params:         0       0       0       0       0       0       0       0       0       0       0       0       0       0
      Locals:         0       0       0       0       0       0       0       0       0       0       0       0       0       0
      Temps:          1       0       0       0       0       0       0       0       0       0       0       0       0       0
      Totals:         1       0       0       0       0       0       0       0       0       0       0       0       0       0
Total ram usage:        1 bytes
 Hardware stack levels used:    1
 This function calls:
		Nothing
 This function is called by:
		_INTERRUPT_InterruptManager
 This function uses a non-reentrant model


 *************** function _EUSART_Receive_ISR *****************
 Defined at:
		line 184 in file "mcc_generated_files/eusart.c"
 Parameters:    Size  Location     Type
		None
 Auto vars:     Size  Location     Type
		None
 Return value:  Size  Location     Type
                  1    wreg      void 
 Registers used:
		wreg, fsr1l, fsr1h, status,2, status,0
 Tracked objects:
		On entry : 
		On exit  : 
		Unchanged: 
 Data sizes:     COMMON   BANK0   BANK1   BANK2   BANK3   BANK4   BANK5   BANK6   BANK7   BANK8   BANK9  BANK10  BANK11  BANK12
      Params:         0       0       0       0       0       0       0       0       0       0       0       0       0       0
      Locals:         0       0       0       0       0       0       0       0       0       0       0       0       0       0
      Temps:          1       0       0       0       0       0       0       0       0       0       0       0       0       0
      Totals:         1       0       0       0       0       0       0       0       0       0       0       0       0       0
Total ram usage:        1 bytes
 Hardware stack levels used:    1
 This function calls:
		Nothing
 This function is called by:
		_INTERRUPT_InterruptManager
 This function uses a non-reentrant model


 *************** function _ADC_ISR *****************
 Defined at:
		line 152 in file "mcc_generated_files/adc.c"
 Parameters:    Size  Location     Type
		None
 Auto vars:     Size  Location     Type
		None
 Return value:  Size  Location     Type
                  1    wreg      void 
 Registers used:
		wreg
 Tracked objects:
		On entry : 
		On exit  : 
		Unchanged: 
 Data sizes:     COMMON   BANK0   BANK1   BANK2   BANK3   BANK4   BANK5   BANK6   BANK7   BANK8   BANK9  BANK10  BANK11  BANK12
      Params:         0       0       0       0       0       0       0       0       0       0       0       0       0       0
      Locals:         0       0       0       0       0       0       0       0       0       0       0       0       0       0
      Temps:          2       0       0       0       0       0       0       0       0       0       0       0       0       0
      Totals:         2       0       0       0       0       0       0       0       0       0       0       0       0       0
Total ram usage:        2 bytes
 Hardware stack levels used:    1
 This function calls:
		Nothing
 This function is called by:
		_INTERRUPT_InterruptManager
 This function uses a non-reentrant model



MODULE INFORMATION

Module		Function		Class		Link	Load	Size
C:\Program Files (x86)\Microchip\xc8\v1.40\sources\common\awtoft.c
		___awtoft      		CODE           	0D3A	0000	35

C:\Program Files (x86)\Microchip\xc8\v1.40\sources\common\awtoft.c estimated size: 35

C:\Program Files (x86)\Microchip\xc8\v1.40\sources\common\altoft.c
		___altoft      		CODE           	0E2A	0000	62

C:\Program Files (x86)\Microchip\xc8\v1.40\sources\common\altoft.c estimated size: 62

UART.c
		_Java          		CODE           	04DC	0000	235

UART.c estimated size: 235

C:\Program Files (x86)\Microchip\xc8\v1.40\sources\common\toupper.c
		_toupper       		CODE           	0C13	0000	16

C:\Program Files (x86)\Microchip\xc8\v1.40\sources\common\toupper.c estimated size: 16

C:\Program Files (x86)\Microchip\xc8\v1.40\sources\common\isspace.c
		_isspace       		CODE           	0C33	0000	19

C:\Program Files (x86)\Microchip\xc8\v1.40\sources\common\isspace.c estimated size: 19

C:\Program Files (x86)\Microchip\xc8\v1.40\sources\common\ftneg.c
		___ftneg       		CODE           	0B96	0000	9

C:\Program Files (x86)\Microchip\xc8\v1.40\sources\common\ftneg.c estimated size: 9

C:\Program Files (x86)\Microchip\xc8\v1.40\sources\common\doprnt.c
		_printf        		CODE           	05C6	0000	185

C:\Program Files (x86)\Microchip\xc8\v1.40\sources\common\doprnt.c estimated size: 185

C:\Program Files (x86)\Microchip\xc8\v1.40\sources\common\float.c
		___ftpack      		CODE           	0EA7	0000	104

C:\Program Files (x86)\Microchip\xc8\v1.40\sources\common\float.c estimated size: 104

mcc_generated_files/tmr2.c
		_TMR2_Initialize		CODE           	0BA6	0000	11
		_TMR2_StartTimer		CODE           	0B52	0000	4

mcc_generated_files/tmr2.c estimated size: 15

mcc_generated_files/interrupt_manager.c
		_INTERRUPT_InterruptManager		CODE           	0004	0000	45

mcc_generated_files/interrupt_manager.c estimated size: 45

mcc_generated_files/tmr0.c
		_TMR0_StartTimer		CODE           	0B55	0000	4
		_TMR0_HasOverflowOccured		CODE           	0B64	0000	6
		_TMR0_Initialize		CODE           	0BC6	0000	12

mcc_generated_files/tmr0.c estimated size: 22

C:\Program Files (x86)\Microchip\xc8\v1.40\sources\common\atof.c
		_atof          		CODE           	0C05	0000	15
		_strtod        		CODE           	0062	0000	611

C:\Program Files (x86)\Microchip\xc8\v1.40\sources\common\atof.c estimated size: 626

mcc_generated_files/pin_manager.c
		_PIN_MANAGER_Initialize		CODE           	0E67	0000	65

mcc_generated_files/pin_manager.c estimated size: 65

mcc_generated_files/adc.c
		_ADC_GetResult 		CODE           	0B7A	0000	7
		_ADC_Initialize		CODE           	0BBB	0000	12
		_ADC_Start     		CODE           	0BEA	0000	14
		_ADC_GetConversion		CODE           	0C73	0000	26
		_ADC_StartConversion		CODE           	0B4F	0000	4
		_ADC_ISR       		CODE           	0BB0	0000	12
		_ADC_SelectChannel		CODE           	0BDD	0000	14

mcc_generated_files/adc.c estimated size: 89

C:\Program Files (x86)\Microchip\xc8\v1.40\sources\common\ftge.c
		___ftge        		CODE           	0DEE	0000	61

C:\Program Files (x86)\Microchip\xc8\v1.40\sources\common\ftge.c estimated size: 61

C:\Program Files (x86)\Microchip\xc8\v1.40\sources\common\Umul16.c
		___wmul        		CODE           	0CFB	0000	31

C:\Program Files (x86)\Microchip\xc8\v1.40\sources\common\Umul16.c estimated size: 31

C:\Program Files (x86)\Microchip\xc8\v1.40\sources\common\lwmod.c
		___lwmod       		CODE           	0D5C	0000	46

C:\Program Files (x86)\Microchip\xc8\v1.40\sources\common\lwmod.c estimated size: 46

C:\Program Files (x86)\Microchip\xc8\v1.40\sources\common\ftmul.c
		___ftmul       		CODE           	067E	0000	181

C:\Program Files (x86)\Microchip\xc8\v1.40\sources\common\ftmul.c estimated size: 181

C:\Program Files (x86)\Microchip\xc8\v1.40\sources\common\ftdiv.c
		___ftdiv       		CODE           	0732	0000	170

C:\Program Files (x86)\Microchip\xc8\v1.40\sources\common\ftdiv.c estimated size: 170

PI.c
		_PI_SetSetpoint		CODE           	0B74	0000	7
		_PI            		CODE           	02C4	0000	291
		_PI_SetKi      		CODE           	0B86	0000	9
		_PI_SetKp      		CODE           	0B8E	0000	9
		_PI_GetSensorHeight		CODE           	0B6E	0000	7

PI.c estimated size: 323

C:\Program Files (x86)\Microchip\xc8\v1.40\sources\common\isdigit.c
		_isdigit       		CODE           	0BF7	0000	15

C:\Program Files (x86)\Microchip\xc8\v1.40\sources\common\isdigit.c estimated size: 15

shared
		_dpowers       		STRCODE        	1000	0000	11
		__initialization		CODE           	0032	0000	45

shared estimated size: 56

mcc_generated_files/pwm5.c
		_PWM5_LoadDutyValue		CODE           	0C45	0000	23
		_PWM5_Initialize		CODE           	0BD1	0000	13

mcc_generated_files/pwm5.c estimated size: 36

mcc_generated_files/mcc.c
		_WDT_Initialize		CODE           	0B5B	0000	5
		_OSCILLATOR_Initialize		CODE           	0B9E	0000	9
		_SYSTEM_Initialize		CODE           	0C5B	0000	25

mcc_generated_files/mcc.c estimated size: 39

C:\Program Files (x86)\Microchip\xc8\v1.40\sources\common\atoi.c
		_atoi          		CODE           	0F0E	0000	108

C:\Program Files (x86)\Microchip\xc8\v1.40\sources\common\atoi.c estimated size: 108

C:\Program Files (x86)\Microchip\xc8\v1.40\sources\common\Umul32.c
		___lmul        		CODE           	0D89	0000	49

C:\Program Files (x86)\Microchip\xc8\v1.40\sources\common\Umul32.c estimated size: 49

C:\Program Files (x86)\Microchip\xc8\v1.40\sources\common\fttol.c
		___fttol       		CODE           	0F79	0000	136

C:\Program Files (x86)\Microchip\xc8\v1.40\sources\common\fttol.c estimated size: 136

mcc_generated_files/eusart.c
		_putch         		CODE           	0B5F	0000	6
		_EUSART_Read   		CODE           	0CC3	0000	29
		_EUSART_Write  		CODE           	0D19	0000	34
		_EUSART_Transmit_ISR		CODE           	0CA7	0000	29
		_EUSART_Initialize		CODE           	0CDF	0000	29
		_EUSART_Receive_ISR		CODE           	0C8C	0000	28

mcc_generated_files/eusart.c estimated size: 155

C:\Program Files (x86)\Microchip\xc8\v1.40\sources\common\lwdiv.c
		___lwdiv       		CODE           	0DB9	0000	54

C:\Program Files (x86)\Microchip\xc8\v1.40\sources\common\lwdiv.c estimated size: 54

main.c
		_main          		CODE           	07DB	0000	38

main.c estimated size: 38

C:\Program Files (x86)\Microchip\xc8\v1.40\sources\common\ftadd.c
		___ftadd       		CODE           	03E6	0000	247

C:\Program Files (x86)\Microchip\xc8\v1.40\sources\common\ftadd.c estimated size: 247

C:\Program Files (x86)\Microchip\xc8\v1.40\sources\common\Umul8.c
		___bmul        		CODE           	0C22	0000	18

C:\Program Files (x86)\Microchip\xc8\v1.40\sources\common\Umul8.c estimated size: 18

